// Jest Snapshot v1, https://goo.gl/fbAQLP

exports[`ScrollSyncRows should render its default content 1`] = `<div />`;
