// Jest Snapshot v1, https://goo.gl/fbAQLP

exports[`ScrollSyncColumns should render its default content 1`] = `<div />`;
