// Jest Snapshot v1, https://goo.gl/fbAQLP

exports[`ScrollSyncCell should render its default content 1`] = `""`;
