// Jest Snapshot v1, https://goo.gl/fbAQLP

exports[`Row should render its default 1`] = `<div />`;
